Decimal integers:
23456
10
10

Hexadecimal integers:
18
2882400001
-3
-1

Octal integers:
0
-87
87

Binary integers:
1
2
-240
4611686018427387904
-9223372036854775808

Decimal floats:
30.0
0.05
5.0E-102
5.0E100
7.0E9
30.85
0.1234
10.0
10.0
0.1
12.0
-12.3

Hexadecimal floats:
21.992188
-76528.0
1.00663296E9
103933.45892333984
8.005819039744E13
