public class Test {
  public static void main(String[] args) {
    HashMap<Integer, String> h = ((Map<Integer, String> & Cloneable & Serializable) new HashMap<Integer, String>());
  }
}
