public class Test {
  public static void main(String[] args) {
    int a, b;
    Object f = ((a, b) -> (ArrayList::length));
  }
}
