AST.CompilationUnit []
  AST.List
    AST.SingleTypeImportDecl
      AST.TypeAccess [java.util.concurrent, Callable]
  AST.List
    AST.ClassDecl [Test]
      AST.Modifiers
        AST.List
          AST.Modifier [public]
      AST.Opt
      AST.List
      AST.List
        AST.MethodDecl [main]
          AST.Modifiers
            AST.List
              AST.Modifier [public]
              AST.Modifier [static]
          AST.PrimitiveTypeAccess [void]
          AST.List
            AST.ParameterDeclaration [args]
              AST.Modifiers
                AST.List
              AST.ArrayTypeAccess
                AST.TypeAccess [, String]
          AST.List
          AST.Opt
            AST.Block
              AST.List
                AST.VariableDeclaration [f]
                  AST.Modifiers
                    AST.List
                  AST.TypeAccess [, Object]
                  AST.Opt
                    AST.LambdaExpression
                      AST.DeclaredLambdaParameter
                        AST.ParameterDeclaration [x]
                          AST.Modifiers
                            AST.List
                              AST.Modifier [final]
                          AST.PrimitiveTypeAccess [int]
                        AST.List
                      AST.ExpressionLambdaBody
                        AST.AddExpr
                          AST.VarAccess [x]
                          AST.IntegerLiteral [1]
        AST.ConstructorDecl
          AST.Modifiers
            AST.List
              AST.Modifier [public]
          AST.List
          AST.List
          AST.Opt
            AST.ExprStmt
              AST.SuperConstructorAccess
                AST.List
          AST.Block
            AST.List