class Test {
  void test() {
    for ( ; ; ) {
      break;
    }
  }
}
