AST.CompilationUnit []
  AST.List
  AST.List
    AST.ClassDecl [Test]
      AST.Modifiers
        AST.List
          AST.Modifier [public]
      AST.Opt
      AST.List
      AST.List
        AST.MethodDecl [main]
          AST.Modifiers
            AST.List
              AST.Modifier [public]
              AST.Modifier [static]
          AST.PrimitiveTypeAccess [void]
          AST.List
            AST.ParameterDeclaration [args]
              AST.Modifiers
                AST.List
              AST.ArrayTypeAccess
                AST.TypeAccess [, String]
          AST.List
          AST.Opt
            AST.Block
              AST.List
                AST.VariableDeclaration [f]
                  AST.Modifiers
                    AST.List
                  AST.TypeAccess [, Object]
                  AST.Opt
                    AST.LambdaExpression
                      AST.InferredLambdaParameter
                        AST.VarAccess [x]
                        AST.List
                      AST.BlockLambdaBody
                        AST.Block
                          AST.List
                            AST.IfStmt
                              AST.GTExpr
                                AST.VarAccess [x]
                                AST.IntegerLiteral [4]
                              AST.Block
                                AST.List
                                  AST.ReturnStmt
                                    AST.Opt
                                      AST.IntegerLiteral [5]
                              AST.Opt
                                AST.Block
                                  AST.List
                                    AST.ReturnStmt
                                      AST.Opt
                                        AST.LambdaExpression
                                          AST.InferredLambdaParameter
                                            AST.VarAccess [y]
                                            AST.List
                                          AST.ExpressionLambdaBody
                                            AST.AddExpr
                                              AST.VarAccess [y]
                                              AST.IntegerLiteral [1]
        AST.ConstructorDecl
          AST.Modifiers
            AST.List
              AST.Modifier [public]
          AST.List
          AST.List
          AST.Opt
            AST.ExprStmt
              AST.SuperConstructorAccess
                AST.List
          AST.Block
            AST.List