class Test {
  void m() {
    MyLabel:
    {
      int x;
    }
  }
}
