public class Test {
  public static void main(String[] args) {
    Object f = ((ArrayList<Runnable<Integer, ? extends List>>) ((input) -> input.toString()));
  }
}
