tests/jsr334/safe-varargs/novarargs_02f/Test.java:6: error: illegal use of @SafeVarargs on non-varargs method fail().
