Float:
1.4E-45
3.4028235E38
-Infinity
Infinity
NaN

Double:
4.9E-324
1.7976931348623157E308
-Infinity
Infinity
NaN

Integer:
-2147483648
2147483647

Long:
-9223372036854775808
9223372036854775807
