enum E {
  A,
  B,
  C
  ;

  int x = 1;

  public int x() {
    return x;
  }
}
