public class Test {
  public static void main(String[] args) {
    Object f;
    Object h = ((((varA & varB) & varC)) | varD);
  }
}