tests/extendj/err_10f/Test.java:4,8: error: no visible type named oh.hi.Mark
tests/extendj/err_10f/Test.java:5,27: error: no visible type named Mark
