public class Test {
  public static void main(String[] args) {
    Object f;
    Object h = ((SomeType & AnotherType & FinalType)f);
  }
}