AST.CompilationUnit []
  AST.List
  AST.List
    AST.ClassDecl [Test]
      AST.Modifiers
        AST.List
          AST.Modifier [public]
      AST.Opt
      AST.List
      AST.List
        AST.MethodDecl [main]
          AST.Modifiers
            AST.List
              AST.Modifier [public]
              AST.Modifier [static]
          AST.PrimitiveTypeAccess [void]
          AST.List
            AST.ParameterDeclaration [args]
              AST.Modifiers
                AST.List
              AST.ArrayTypeAccess
                AST.TypeAccess [, String]
          AST.List
          AST.Opt
            AST.Block
              AST.List
                AST.VariableDeclaration [f]
                  AST.Modifiers
                    AST.List
                  AST.TypeAccess [, Object]
                  AST.Opt
                    AST.LambdaExpression
                      AST.InferredLambdaParameter
                        AST.VarAccess [x]
                        AST.List
                          AST.VarAccess [y]
                      AST.ExpressionLambdaBody
                        AST.AddExpr
                          AST.AddExpr
                            AST.VarAccess [x]
                            AST.VarAccess [y]
                          AST.LambdaExpression
                            AST.InferredLambdaParameter
                              AST.VarAccess [z]
                              AST.List
                            AST.ExpressionLambdaBody
                              AST.SubExpr
                                AST.AddExpr
                                  AST.VarAccess [z]
                                  AST.IntegerLiteral [4]
                                AST.LambdaExpression
                                  AST.InferredLambdaParameter
                                    AST.VarAccess [i]
                                    AST.List
                                      AST.VarAccess [j]
                                  AST.ExpressionLambdaBody
                                    AST.AddExpr
                                      AST.AddExpr
                                        AST.VarAccess [i]
                                        AST.DivExpr
                                          AST.MulExpr
                                            AST.VarAccess [j]
                                            AST.IntegerLiteral [4]
                                          AST.VarAccess [i]
                                      AST.LambdaExpression
                                        AST.InferredLambdaParameter
                                          AST.VarAccess [l]
                                          AST.List
                                        AST.ExpressionLambdaBody
                                          AST.AddExpr
                                            AST.VarAccess [l]
                                            AST.IntegerLiteral [5]
        AST.ConstructorDecl
          AST.Modifiers
            AST.List
              AST.Modifier [public]
          AST.List
          AST.List
          AST.Opt
            AST.ExprStmt
              AST.SuperConstructorAccess
                AST.List
          AST.Block
            AST.List