1
Is b1
b2
2
Is b1
b2
3
Is b1
b2
4
Is b1
b2
5
Is b1
b2