annotation: @Test$Testable(value=class Test)
value: class Test
