public class Test {
  static {
    System.err.println("Oh, hi.");
  }
}
