public class Test {
  public static void main(String[] args) {
    if((a & b)) 
      methodCall();
    else 
      methodCall2();
  }
}