Errors:
tests/jastaddj/enclosing_01f/Test.java:6:
  Semantic Error: No enclosing instance to initialize C.D with
