
public class Test {
  void f() {
    synchronized (new Object()) {
      System.out.println("not critical");
    }
  }
}