tests/classes/extends_inner_02f/Test.java:10: error: superconstructor call in constructor for class A requires enclosing instance for the enclosing class Test of superclass Test.Inner
