public class Test {
  public static void main(String[] args) {
    int a, b;
    boolean c, d;
    Object f = ((e, f, g) -> (((!(a++)) != (a < b)) || (((c ^ (d & a)) | (((Integer) b) / 5)) && (b > (a - 3)))));
  }
}
