AST.CompilationUnit []
  AST.List
  AST.List
    AST.ClassDecl [Test]
      AST.Modifiers
        AST.List
          AST.Modifier [public]
      AST.Opt
      AST.List
      AST.List
        AST.MethodDecl [main]
          AST.Modifiers
            AST.List
              AST.Modifier [public]
              AST.Modifier [static]
          AST.PrimitiveTypeAccess [void]
          AST.List
            AST.ParameterDeclaration [args]
              AST.Modifiers
                AST.List
              AST.ArrayTypeAccess
                AST.TypeAccess [, String]
          AST.List
          AST.Opt
            AST.Block
              AST.List
                AST.VariableDeclaration [a]
                  AST.Modifiers
                    AST.List
                  AST.PrimitiveTypeAccess [int]
                  AST.Opt
                AST.VariableDeclaration [b]
                  AST.Modifiers
                    AST.List
                  AST.PrimitiveTypeAccess [int]
                  AST.Opt
                AST.VariableDeclaration [c]
                  AST.Modifiers
                    AST.List
                  AST.PrimitiveTypeAccess [boolean]
                  AST.Opt
                AST.VariableDeclaration [d]
                  AST.Modifiers
                    AST.List
                  AST.PrimitiveTypeAccess [boolean]
                  AST.Opt
                AST.VariableDeclaration [f]
                  AST.Modifiers
                    AST.List
                  AST.TypeAccess [, Object]
                  AST.Opt
                    AST.LambdaExpression
                      AST.InferredLambdaParameter
                        AST.VarAccess [e]
                        AST.List
                          AST.VarAccess [g]
                          AST.VarAccess [f]
                      AST.ExpressionLambdaBody
                        AST.OrLogicalExpr
                          AST.NEExpr
                            AST.LogNotExpr
                              AST.PostIncExpr
                                AST.VarAccess [a]
                            AST.LTExpr
                              AST.VarAccess [a]
                              AST.VarAccess [b]
                          AST.AndLogicalExpr
                            AST.OrBitwiseExpr
                              AST.XorBitwiseExpr
                                AST.VarAccess [c]
                                AST.AndBitwiseExpr
                                  AST.VarAccess [d]
                                  AST.VarAccess [a]
                              AST.DivExpr
                                AST.CastExpr
                                  AST.TypeAccess [, Integer]
                                  AST.VarAccess [b]
                                AST.IntegerLiteral [5]
                            AST.GTExpr
                              AST.VarAccess [b]
                              AST.SubExpr
                                AST.VarAccess [a]
                                AST.IntegerLiteral [3]
        AST.ConstructorDecl
          AST.Modifiers
            AST.List
              AST.Modifier [public]
          AST.List
          AST.List
          AST.Opt
            AST.ExprStmt
              AST.SuperConstructorAccess
                AST.List
          AST.Block
            AST.List