import java.util.concurrent.Callable;

public class Test {
  public static void main(String[] args) {
    Object f = methodCall(a, 3, (Runnable<ArrayList<Integer>, Callable<Map<Integer, String>>>::run));
  }
}