TURKEY egg weighs 1000g and is White
TURTLE egg weighs 200g and is green
FISH egg weighs 2g and is orange
