tests/jsr334/safe-varargs/novarargs_01f/Test.java:6: error: illegal use of @SafeVarargs on non-varargs method fail().
