import java.util.concurrent.Callable;

public class Test {
  public static void main(String[] args) {
    Object f = methodCall(4, (Runnable<Integer, ArrayList<Integer>>::new), a);
  }
}