public class Test {
  public static void main(String[] args) {
    if((a == ((b & ((int)c))))) 
      return ;
  }
}