public class Test {
  public static void main(String[] args) {
    Object f = ((FuncInterface) ((x) -> ((x + 45) >> 3)));
  }
}
