tests/extendj/err_06f/Test.java:6: error: no method named missing() in Test matches.
