class Test<T extends java.lang.Comparable<? extends T>> {
}
