public class Test {
  public static void main(String[] args) {
    int a, b;
    boolean c, d;
    Object f = (() -> ((((-a) - b) && ((!c) | (!d))) || (~a)));
  }
}
