Errors:
tests/pkg/pkgpriv_01f/Test.java:4,2:
  Semantic Error: p1.A in Test can not access type p1.A
